###############################################################################
#
# IAR ELF Linker V8.20.2.14835/W32 for ARM                01/Nov/2018  10:39:15
# Copyright 2007-2017 IAR Systems AB.
#
#    Output file  =  
#        G:\OM402O\MPSD\MPSD\project\EV306\Debug\Exe\EV306_SENSOR.out
#    Map file     =  
#        G:\OM402O\MPSD\MPSD\project\EV306\Debug\List\EV306_SENSOR.map
#    Command line =  
#        -f C:\Users\HUANGD~1\AppData\Local\Temp\EW201F.tmp
#        (G:\OM402O\MPSD\MPSD\project\EV306\Debug\Obj\DS18B20.o
#        G:\OM402O\MPSD\MPSD\project\EV306\Debug\Obj\LIS2DH12.o
#        G:\OM402O\MPSD\MPSD\project\EV306\Debug\Obj\lis2dh12_reg.o
#        G:\OM402O\MPSD\MPSD\project\EV306\Debug\Obj\MT_KL17_I2C.o
#        G:\OM402O\MPSD\MPSD\project\EV306\Debug\Obj\MyAPP.o
#        G:\OM402O\MPSD\MPSD\project\EV306\Debug\Obj\MyApp_INT.o
#        G:\OM402O\MPSD\MPSD\project\EV306\Debug\Obj\MyApp_LWS.o
#        G:\OM402O\MPSD\MPSD\project\EV306\Debug\Obj\MyBoard.o
#        G:\OM402O\MPSD\MPSD\project\EV306\Debug\Obj\MyGlobal.o
#        G:\OM402O\MPSD\MPSD\project\EV306\Debug\Obj\mymain.o
#        G:\OM402O\MPSD\MPSD\project\EV306\Debug\Obj\MyParse.o
#        G:\OM402O\MPSD\MPSD\project\EV306\Debug\Obj\MyTask.o
#        G:\OM402O\MPSD\MPSD\project\EV306\Debug\Obj\SHT20.o -o
#        G:\OM402O\MPSD\MPSD\project\EV306\Debug\Exe\EV306_SENSOR.out --keep
#        mpos_main --map
#        G:\OM402O\MPSD\MPSD\project\EV306\Debug\List\EV306_SENSOR.map --config
#        G:\OM402O\MPSD\MPSD\project\EV306\MKL17Z64xxx4_MT.icf --semihosting
#        G:\OM402O\MPSD\MPSD\project\EV306\..\..\lib\MPSD_LWS402lite.a --entry
#        __iar_program_start --vfe --text_out locale)
#
###############################################################################

*******************************************************************************
*** RUNTIME MODEL ATTRIBUTES
***

CppFlavor       = *
__SystemLibrary = DLib
__dlib_version  = 6


*******************************************************************************
*** HEAP SELECTION
***

The basic heap was selected because no calls to memory allocation
functions were found in the application outside of system library
functions, and there are calls to deallocation functions in the
application.


*******************************************************************************
*** PLACEMENT SUMMARY
***

"A0":  place at 0x1ffff8a0 { rw section .flashcrc };
"A1":  place at 0x1ffffea4 { rw section .defaultCHCNT };
"A2":  place at 0x1ffffea8 { rw section .scanCycles };
"A3":  place at 0x1ffffeac { rw section .globalRand };
"A4":  place at 0x1ffffeb0 { rw section .OcpStatus };
"A5":  place at 0x1ffffeb4 { rw section .opModePrev };
"A6":  place at 0x1ffffec0 { rw section .Radio };
"A9":  place at 0x00000000 { ro section .intvec };
"P1":  place in [from 0x00000000 to 0x000003ff] |
                [from 0x00000410 to 0x0000efff] { ro };
define block CSTACK with size = 2304, alignment = 8 { };
define block HEAP with size = 16, alignment = 8 { };
"P3":  place in [from 0x1ffff000 to 0x1fffffff] |
                [from 0x20000000 to 0x20002fff] {
          rw, block CSTACK, block HEAP };
"P5":  place in [from 0x00000400 to 0x0000040f] { section FlashConfig };
initialize by copy { rw };

No sections matched the following patterns:

  ro section application_specific_ro  in "P2|P4"
  rw section .SerialSem               in "A7"
  rw section .mt_dtu_resetAfterLWT    in "A8"
  rw section application_specific_rw  in "P2|P4"


  Section               Kind        Address    Size  Object
  -------               ----        -------    ----  ------
"A9":                                          0xc0
  .intvec               ro code  0x00000000    0xc0  startup_MKL17Z644.o [3]
                               - 0x000000c0    0xc0

"P1", part 1 of 4:                            0x336
  .text                 ro code  0x000000c0    0x16  uread4.o [6]
  .text                 ro code  0x000000d6     0x2  startup_MKL17Z644.o [3]
  .text                 ro code  0x000000d8    0x14  uwrite4.o [6]
  .text                 ro code  0x000000ec    0x9c  lorabase.o [3]
  .text                 ro code  0x00000188    0xe0  I32DivModFast.o [6]
  .text                 ro code  0x00000268    0x22  I64Shl.o [6]
  .text                 ro code  0x0000028a    0xa8  I64DivMod.o [6]
  .text                 ro code  0x00000334    0x32  I64Mul.o [6]
  .text                 ro code  0x00000368    0x34  IxxToDbl.o [5]
  .text                 ro code  0x0000039c    0x32  DblCmpGe.o [5]
  .text                 ro code  0x000003d0    0x26  FltToU32.o [5]
                               - 0x000003f6   0x336

"P5":                                          0x10
  FlashConfig           ro code  0x00000400    0x10  startup_MKL17Z644.o [3]
                               - 0x00000410    0x10

"P1", part 2 of 4:                           0xe5b0
  .text                 ro code  0x00000410  0x2f40  lws.o [3]
  .text                 ro code  0x00003350   0xd54  InterFace.o [3]
  .text                 ro code  0x000040a4   0x384  timer.o [3]
  .text                 ro code  0x00004428   0x680  LoRaMidware.o [3]
  .text                 ro code  0x00004aa8   0x174  utilities.o [3]
  .text                 ro code  0x00004c20  0x1220  sx1276.o [3]
  .text                 ro code  0x00005e40   0xda4  LoRaChanConfig.o [3]
  .text                 ro code  0x00006be4    0x58  IWdg.o [3]
  .text                 ro code  0x00006c3c   0x658  MyFlash.o [3]
  .text                 ro code  0x00007294   0x238  LoRaCrypto.o [3]
  .text                 ro code  0x000074cc   0x26c  MT_KL17_RTC.o [3]
  .text                 ro code  0x00007738   0x274  systermProtect.o [3]
  .text                 ro code  0x000079ac   0x8e4  ModeBus.o [3]
  .text                 ro code  0x00008290   0x2c4  TickS.o [3]
  .text                 ro code  0x00008554   0x1dc  MT_KL17_ADC.o [3]
  .text                 ro code  0x00008730   0x184  DblMul.o [5]
  .text                 ro code  0x000088b4   0x1a8  DblAddSub.o [5]
  .text                 ro code  0x00008a5c    0xc2  DblDiv.o [5]
  .text                 ro code  0x00008b20    0x52  DblToI32.o [5]
  .text                 ro code  0x00008b74    0x5c  ABImemcpy.o [6]
  .text                 ro code  0x00008bd0    0x58  ABImemset.o [6]
  .text                 ro code  0x00008c28   0xb18  Task.o [3]
  .text                 ro code  0x00009740   0x22c  sx1276-board.o [3]
  .text                 ro code  0x0000996c    0x58  ceil.o [5]
  .text                 ro code  0x000099c4    0x58  floor.o [5]
  .text                 ro code  0x00009a1c    0x98  MT_KL17_Flash.o [3]
  .text                 ro code  0x00009ab4   0xb70  aes.o [3]
  .text                 ro code  0x0000a624    0x2a  uread8.o [6]
  .text                 ro code  0x0000a650   0x114  MT_KL17_GPIO.o [3]
  .text                 ro code  0x0000a764    0x1e  uwrite8.o [6]
  .text                 ro code  0x0000a784    0x36  IxxToFlt.o [5]
  .text                 ro code  0x0000a7ba    0xaa  FltDiv.o [5]
  .text                 ro code  0x0000a864    0x3a  FltToS32.o [5]
  .text                 ro code  0x0000a8a0   0x41c  ParaInitial.o [3]
  .text                 ro code  0x0000acbc   0x290  Baord.o [3]
  .text                 ro code  0x0000af4c   0x890  MP_FUOTA.o [3]
  .text                 ro code  0x0000b7dc   0x184  MT_KL17_Timer.o [3]
  .text                 ro code  0x0000b960    0xdc  LowPower.o [3]
  .text                 ro code  0x0000ba3c    0xc8  MT_KL17_SPI.o [3]
  .text                 ro code  0x0000bb04    0xfc  system_MKL17Z644.o [3]
  .text                 ro code  0x0000bc00   0x57c  KL17_it.o [3]
  .text                 ro code  0x0000c17c   0x1fc  LWS_IT.o [3]
  .rodata               const    0x0000c378   0xc00  aes.o [3]
  .text                 ro code  0x0000cf78   0x314  MT_KL17_I2C.o [1]
  .text                 ro code  0x0000d28c   0x29c  mpos_ramfun.o [3]
  .text                 ro code  0x0000d528   0x274  MyApp_LWS.o [1]
  .text                 ro code  0x0000d79c    0xa4  MyParse.o [1]
  .text                 ro code  0x0000d840   0x15c  MyAPP.o [1]
  .text                 ro code  0x0000d99c   0x1ec  SHT20.o [1]
  .text                 ro code  0x0000db88    0x62  DblToFlt.o [5]
  .text                 ro code  0x0000dbea    0xb0  FltMul.o [5]
  .text                 ro code  0x0000dc9c   0x18c  MT_KL17_UART2.o [3]
  .text                 ro code  0x0000de28   0x188  lis2dh12_reg.o [1]
  .text                 ro code  0x0000dfb0   0x17c  DS18B20.o [1]
  .text                 ro code  0x0000e12c   0x164  LIS2DH12.o [1]
  .text                 ro code  0x0000e290   0x10c  MyBoard.o [1]
  .text                 ro code  0x0000e39c    0xec  MyTask.o [1]
  .text                 ro code  0x0000e488    0xc2  packbits_init.o [6]
  .text                 ro code  0x0000e54c    0x78  MyApp_INT.o [1]
  .text                 ro code  0x0000e5c4    0x44  main.o [3]
  .text                 ro code  0x0000e608    0x44  flash_kinetisRamFunc.o [3]
  .text                 ro code  0x0000e64c    0x3c  zero_init3.o [6]
  .rodata               const    0x0000e688    0x38  LoRaChanConfig.o [3]
  .text                 ro code  0x0000e6c0    0x28  startup_MKL17Z644.o [3]
  .text                 ro code  0x0000e6e8    0x28  data_init.o [6]
  .iar.init_table       const    0x0000e710   0x190  - Linker created -
  .text                 ro code  0x0000e8a0    0x1e  cmain.o [6]
  .text                 ro code  0x0000e8be     0x8  exit.o [4]
  .text                 ro code  0x0000e8c8     0xa  cexit.o [6]
  .text                 ro code  0x0000e8d2     0xc  cstartup_M.o [6]
  .text                 ro code  0x0000e8e0     0x8  startup_MKL17Z644.o [3]
  .text                 ro code  0x0000e8e8     0x8  startup_MKL17Z644.o [3]
  .text                 ro code  0x0000e8f0     0x8  startup_MKL17Z644.o [3]
  .text                 ro code  0x0000e8f8     0x8  startup_MKL17Z644.o [3]
  .text                 ro code  0x0000e900     0x8  startup_MKL17Z644.o [3]
  .text                 ro code  0x0000e908     0x8  startup_MKL17Z644.o [3]
  .text                 ro code  0x0000e910     0x8  startup_MKL17Z644.o [3]
  .text                 ro code  0x0000e918     0x8  startup_MKL17Z644.o [3]
  .text                 ro code  0x0000e920     0x8  startup_MKL17Z644.o [3]
  .text                 ro code  0x0000e928     0x8  startup_MKL17Z644.o [3]
  .text                 ro code  0x0000e930     0x8  startup_MKL17Z644.o [3]
  Initializer bytes     const    0x0000e938    0x2b  <for P3 s0>
  Initializer bytes     const    0x0000e963    0x5d  <for rw section .Radio-1>
                               - 0x0000e9c0  0xe5b0

Absolute sections, part 1 of 37:               0x34
  .ARM.__at_0x0000ec00  ro code  0x0000ec00    0x34  mymain.o [1]
                               - 0x0000ec34    0x34

"P1", part 3 of 4:                             0x98
  .text                 ro code  0x0000ec34    0x1e  U64Shr.o [6]
  .text                 ro code  0x0000ec54    0x54  MyInline.o [3]
  .text                 ro code  0x0000eca8     0x2  IntDivZer.o [6]
  .text                 ro code  0x0000ecac     0x2  I64DivZer.o [6]
  .text                 ro code  0x0000ecb0    0x1c  Global_Radio.o [3]
  .rodata               const    0x0000eccc     0x0  zero_init3.o [6]
  .rodata               const    0x0000eccc     0x0  packbits_init.o [6]
                               - 0x0000eccc    0x98

Absolute sections, part 2 of 37:               0x44
  .ARM.__at_0x0000ecd0  ro code  0x0000ecd0    0x44  mymain.o [1]
                               - 0x0000ed14    0x44

"P1", part 4 of 4:                            0x2c8
  .text                 ro code  0x0000ed14   0x1c4  MT_KL17_UART.o [3]
  .text                 ro code  0x0000eed8    0x54  smc.o [3]
  .text                 ro code  0x0000ef2c    0x5c  Global_System.o [3]
  .text                 ro code  0x0000ef88    0x32  FltToDbl.o [5]
  .text                 ro code  0x0000efba     0xa  abort.o [4]
  .text                 ro code  0x0000efc4    0x14  exit.o [7]
  .text                 ro code  0x0000efd8     0x4  low_level_init.o [4]
                               - 0x0000efdc   0x2c8

Absolute sections, part 3 of 37:              0x2cc
  .ARM.__at_0x1ffff010  zero     0x1ffff010   0x240  Global.o [3]
  .ARM.__at_0x1ffff250  zero     0x1ffff250    0x10  Global.o [3]
  .ARM.__at_0x1ffff260  zero     0x1ffff260    0x10  Global.o [3]
  .ARM.__at_0x1ffff270  zero     0x1ffff270    0x10  Global.o [3]
  .ARM.__at_0x1ffff280  zero     0x1ffff280    0x5c  Global.o [3]
                               - 0x1ffff2dc   0x2cc

Absolute sections, part 4 of 37:               0x5c
  .ARM.__at_0x1ffff380  zero     0x1ffff380    0x5c  Global.o [3]
                               - 0x1ffff3dc    0x5c

Absolute sections, part 5 of 37:               0x54
  .ARM.__at_0x1ffff480  zero     0x1ffff480    0x54  Global.o [3]
                               - 0x1ffff4d4    0x54

Absolute sections, part 6 of 37:              0x114
  .ARM.__at_0x1ffff580  zero     0x1ffff580   0x100  Global.o [3]
  .ARM.__at_0x1ffff680  zero     0x1ffff680    0x14  Global.o [3]
                               - 0x1ffff694   0x114

Absolute sections, part 7 of 37:               0x28
  .ARM.__at_0x1ffff6a0  zero     0x1ffff6a0     0x4  Global.o [3]
  .ARM.__at_0x1ffff6a4  zero     0x1ffff6a4     0x4  Global.o [3]
  .ARM.__at_0x1ffff6a8  zero     0x1ffff6a8     0x8  Global.o [3]
  .ARM.__at_0x1ffff6b0  zero     0x1ffff6b0    0x18  Global.o [3]
                               - 0x1ffff6c8    0x28

Absolute sections, part 8 of 37:                0x4
  .ARM.__at_0x1ffff6d0  zero     0x1ffff6d0     0x4  Global.o [3]
                               - 0x1ffff6d4     0x4

Absolute sections, part 9 of 37:               0x20
  .ARM.__at_0x1ffff6d8  zero     0x1ffff6d8     0x4  Global.o [3]
  .ARM.__at_0x1ffff6dc  zero     0x1ffff6dc     0x4  Global.o [3]
  .ARM.__at_0x1ffff6e0  zero     0x1ffff6e0    0x18  Global.o [3]
                               - 0x1ffff6f8    0x20

Absolute sections, part 10 of 37:              0x24
  .ARM.__at_0x1ffff730  zero     0x1ffff730    0x24  Global.o [3]
                               - 0x1ffff754    0x24

Absolute sections, part 11 of 37:              0x24
  .ARM.__at_0x1ffff760  zero     0x1ffff760     0x4  Global.o [3]
  .ARM.__at_0x1ffff764  zero     0x1ffff764     0x4  Global.o [3]
  .ARM.__at_0x1ffff768  zero     0x1ffff768     0x4  Global.o [3]
  .ARM.__at_0x1ffff76c  zero     0x1ffff76c     0x4  Global.o [3]
  .ARM.__at_0x1ffff770  zero     0x1ffff770    0x14  Global.o [3]
                               - 0x1ffff784    0x24

Absolute sections, part 12 of 37:             0x108
  .ARM.__at_0x1ffff790  zero     0x1ffff790   0x100  Global_app.o [3]
  .ARM.__at_0x1ffff890  zero     0x1ffff890     0x4  Global_app.o [3]
  .ARM.__at_0x1ffff894  zero     0x1ffff894     0x4  Global_app.o [3]
                               - 0x1ffff898   0x108

Absolute sections, part 13 of 37:               0x4
  .ARM.__at_0x1ffff89c  zero     0x1ffff89c     0x4  Global_app.o [3]
                               - 0x1ffff8a0     0x4

"A0":                                           0x4
  .flashcrc             zero     0x1ffff8a0     0x2  Global_app.o [3]
                               - 0x1ffff8a2     0x2

Absolute sections, part 14 of 37:              0x94
  .ARM.__at_0x1ffff8ac  zero     0x1ffff8ac     0x4  Global_System.o [3]
  .ARM.__at_0x1ffff8b0  zero     0x1ffff8b0     0x4  Global_System.o [3]
  .ARM.__at_0x1ffff8b4  zero     0x1ffff8b4     0x4  Global_System.o [3]
  .ARM.__at_0x1ffff8b8  zero     0x1ffff8b8     0x4  Global_System.o [3]
  .ARM.__at_0x1ffff8bc  zero     0x1ffff8bc     0x4  Global_System.o [3]
  .ARM.__at_0x1ffff8c0  zero     0x1ffff8c0     0x4  Global_System.o [3]
  .ARM.__at_0x1ffff8c4  zero     0x1ffff8c4     0xc  Global_System.o [3]
  .ARM.__at_0x1ffff8d0  zero     0x1ffff8d0     0xc  Global_System.o [3]
  .ARM.__at_0x1ffff8dc  zero     0x1ffff8dc     0x4  Global_System.o [3]
  .ARM.__at_0x1ffff8e0  zero     0x1ffff8e0    0x60  Global_System.o [3]
                               - 0x1ffff940    0x94

Absolute sections, part 15 of 37:              0x60
  .ARM.__at_0x1ffff960  zero     0x1ffff960    0x60  Global_System.o [3]
                               - 0x1ffff9c0    0x60

Absolute sections, part 16 of 37:               0xc
  .ARM.__at_0x1ffff9e0  zero     0x1ffff9e0     0xc  Global_System.o [3]
                               - 0x1ffff9ec     0xc

Absolute sections, part 17 of 37:              0x28
  .ARM.__at_0x1ffff9f4  zero     0x1ffff9f4     0x4  Global_System.o [3]
  .ARM.__at_0x1ffff9f8  zero     0x1ffff9f8     0x4  Global_System.o [3]
  .ARM.__at_0x1ffff9fc  zero     0x1ffff9fc     0x4  Global_System.o [3]
  .ARM.__at_0x1ffffa00  zero     0x1ffffa00     0x4  Global_System.o [3]
  .ARM.__at_0x1ffffa04  zero     0x1ffffa04     0x4  Global_System.o [3]
  .ARM.__at_0x1ffffa08  zero     0x1ffffa08     0x4  Global_System.o [3]
  .ARM.__at_0x1ffffa0c  zero     0x1ffffa0c     0x4  Global_System.o [3]
  .ARM.__at_0x1ffffa10  zero     0x1ffffa10     0x4  Global_System.o [3]
  .ARM.__at_0x1ffffa14  zero     0x1ffffa14     0x4  Global_System.o [3]
  .ARM.__at_0x1ffffa18  zero     0x1ffffa18     0x4  Global_System.o [3]
                               - 0x1ffffa1c    0x28

Absolute sections, part 18 of 37:             0x124
  .ARM.__at_0x1ffffa24  zero     0x1ffffa24     0x4  Global_System.o [3]
  .ARM.__at_0x1ffffa28  zero     0x1ffffa28     0x8  Global_System.o [3]
  .ARM.__at_0x1ffffa30  zero     0x1ffffa30     0x8  Global_System.o [3]
  .ARM.__at_0x1ffffa38  zero     0x1ffffa38     0x8  Global_System.o [3]
  .ARM.__at_0x1ffffa40  zero     0x1ffffa40     0x8  Global_System.o [3]
  .ARM.__at_0x1ffffa48  zero     0x1ffffa48     0x8  Global_System.o [3]
  .ARM.__at_0x1ffffa50  zero     0x1ffffa50     0x8  Global_System.o [3]
  .ARM.__at_0x1ffffa58  zero     0x1ffffa58     0x8  Global_System.o [3]
  .ARM.__at_0x1ffffa60  zero     0x1ffffa60    0x10  Global_System.o [3]
  .ARM.__at_0x1ffffa70  zero     0x1ffffa70    0xb0  Global_System.o [3]
  .ARM.__at_0x1ffffb20  zero     0x1ffffb20     0x8  Global_System.o [3]
  .ARM.__at_0x1ffffb28  zero     0x1ffffb28    0x20  Global_System.o [3]
                               - 0x1ffffb48   0x124

Absolute sections, part 19 of 37:              0x38
  .ARM.__at_0x1ffffb50  zero     0x1ffffb50    0x20  Global_System.o [3]
  .ARM.__at_0x1ffffb70  zero     0x1ffffb70    0x18  Global_System.o [3]
                               - 0x1ffffb88    0x38

Absolute sections, part 20 of 37:               0x4
  .ARM.__at_0x1ffffb90  zero     0x1ffffb90     0x4  Global_System.o [3]
                               - 0x1ffffb94     0x4

Absolute sections, part 21 of 37:             0x1b8
  .ARM.__at_0x1ffffba0  zero     0x1ffffba0   0x1b8  Global_System.o [3]
                               - 0x1ffffd58   0x1b8

Absolute sections, part 22 of 37:              0x8c
  .ARM.__at_0x1ffffe10  zero     0x1ffffe10    0x80  Global_Driver.o [3]
  .ARM.__at_0x1ffffe90  zero     0x1ffffe90     0xc  Global_Driver.o [3]
                               - 0x1ffffe9c    0x8c

Absolute sections, part 23 of 37:               0x4
  .ARM.__at_0x1ffffea0  zero     0x1ffffea0     0x4  Global_System.o [3]
                               - 0x1ffffea4     0x4

"A1":                                           0x4
  .defaultCHCNT         zero     0x1ffffea4     0x1  Global_System.o [3]
                               - 0x1ffffea5     0x1

"A2":                                           0x4
  .scanCycles           zero     0x1ffffea8     0x1  Global_System.o [3]
                               - 0x1ffffea9     0x1

"A3":                                           0x4
  .globalRand           zero     0x1ffffeac     0x2  Global_System.o [3]
                               - 0x1ffffeae     0x2

"A4":                                           0x4
  .OcpStatus            zero     0x1ffffeb0     0x1  Global_Radio.o [3]
                               - 0x1ffffeb1     0x1

"A5":                                           0x4
  .opModePrev           zero     0x1ffffeb4     0x1  Global_Radio.o [3]
                               - 0x1ffffeb5     0x1

"A6":                                          0x74
  rw section .Radio-1            0x1ffffec0    0x74  <Init block>
    .Radio              inited   0x1ffffec0    0x74  Global_Radio.o [3]
                               - 0x1fffff34    0x74

Absolute sections, part 24 of 37:              0x74
  .ARM.__at_0x1fffff60  zero     0x1fffff60    0x74  Global_Radio.o [3]
                               - 0x1fffffd4    0x74

Absolute sections, part 25 of 37:               0x4
  .ARM.__at_0x1ffffff0  zero     0x1ffffff0     0x4  Global_Radio.o [3]
                               - 0x1ffffff4     0x4

Absolute sections, part 26 of 37:             0x3e8
  .ARM.__at_0x20000020  zero     0x20000020   0x3e8  Global_System.o [3]
                               - 0x20000408   0x3e8

Absolute sections, part 27 of 37:             0x800
  .ARM.__at_0x20000450  zero     0x20000450   0x400  Global_app.o [3]
  .ARM.__at_0x20000850  zero     0x20000850   0x400  Global_app.o [3]
                               - 0x20000c50   0x800

Absolute sections, part 28 of 37:               0x8
  .ARM.__at_0x20001050  zero     0x20001050     0x8  Global_app.o [3]
                               - 0x20001058     0x8

Absolute sections, part 29 of 37:              0x58
  .ARM.__at_0x200010e0  zero     0x200010e0     0xc  MP_FUOTA.o [3]
  .ARM.__at_0x200010ec  zero     0x200010ec     0x4  MP_FUOTA.o [3]
  .ARM.__at_0x200010f0  zero     0x200010f0    0x48  MP_FUOTA.o [3]
                               - 0x20001138    0x58

Absolute sections, part 30 of 37:              0x48
  .ARM.__at_0x20001140  zero     0x20001140    0x48  MP_FUOTA.o [3]
                               - 0x20001188    0x48

Absolute sections, part 31 of 37:              0x48
  .ARM.__at_0x20001190  zero     0x20001190    0x48  MP_FUOTA.o [3]
                               - 0x200011d8    0x48

Absolute sections, part 32 of 37:              0x78
  .ARM.__at_0x200011e0  zero     0x200011e0    0x60  MP_FUOTA.o [3]
  .ARM.__at_0x20001240  zero     0x20001240    0x18  MP_FUOTA.o [3]
                               - 0x20001258    0x78

Absolute sections, part 33 of 37:             0x404
  .ARM.__at_0x20001260  zero     0x20001260   0x404  MP_FUOTA.o [3]
                               - 0x20001664   0x404

Absolute sections, part 34 of 37:             0x100
  .ARM.__at_0x20001670  zero     0x20001670   0x100  MP_FUOTA.o [3]
                               - 0x20001770   0x100

Absolute sections, part 35 of 37:              0xb4
  .ARM.__at_0x20001800  zero     0x20001800    0xb4  Global_System.o [3]
                               - 0x200018b4    0xb4

Absolute sections, part 36 of 37:              0xbc
  .ARM.__at_0x20001900  zero     0x20001900    0xbc  Global_System.o [3]
                               - 0x200019bc    0xbc

Absolute sections, part 37 of 37:              0xd0
  .ARM.__at_0x20001a00  zero     0x20001a00    0xd0  Global_System.o [3]
                               - 0x20001ad0    0xd0

"P3", part 1 of 3:                            0x148
  P3 s0                          0x20001ad0   0x148  <Init block>
    .data               inited   0x20001ad0   0x130  MyApp_LWS.o [1]
    .DioIrq             inited   0x20001c00    0x18  sx1276.o [3]
                               - 0x20001c18   0x148

"P3", part 2 of 3:                             0x74
  .bss                  zero     0x20001c18    0x48  MyGlobal.o [1]
  .bss                  zero     0x20001c60    0x14  MyGlobal.o [1]
  .bss                  zero     0x20001c74     0xe  LIS2DH12.o [1]
  .bss                  zero     0x20001c82     0x1  MyGlobal.o [1]
  .bss                  zero     0x20001c84     0x4  MyGlobal.o [1]
  .bss                  zero     0x20001c88     0x4  MP_FUOTA.o [3]
                               - 0x20001c8c    0x74

"P3", part 3 of 3:                            0x900
  CSTACK                         0x20001c90   0x900  <Block>
    CSTACK              uninit   0x20001c90   0x900  <Block tail>
                               - 0x20002590   0x900


*******************************************************************************
*** INIT TABLE
***

          Address     Size
          -------     ----
Zero (__iar_zero_init3)
    42 destination ranges, total size 0x2088:
          0x1ffff010  0x2cc
          0x1ffff380   0x5c
          0x1ffff480   0x54
          0x1ffff580  0x114
          0x1ffff6a0   0x28
          0x1ffff6d0    0x4
          0x1ffff6d8   0x20
          0x1ffff730   0x24
          0x1ffff760   0x24
          0x1ffff790  0x108
          0x1ffff89c    0x4
          0x1ffff8a0    0x2
          0x1ffff8ac   0x94
          0x1ffff960   0x60
          0x1ffff9e0    0xc
          0x1ffff9f4   0x28
          0x1ffffa24  0x124
          0x1ffffb50   0x38
          0x1ffffb90    0x4
          0x1ffffba0  0x1b8
          0x1ffffe10   0x8c
          0x1ffffea0    0x4
          0x1ffffea4    0x1
          0x1ffffea8    0x1
          0x1ffffeac    0x2
          0x1ffffeb0    0x1
          0x1ffffeb4    0x1
          0x1fffff60   0x74
          0x1ffffff0    0x4
          0x20000020  0x3e8
          0x20000450  0x800
          0x20001050    0x8
          0x200010e0   0x58
          0x20001140   0x48
          0x20001190   0x48
          0x200011e0   0x78
          0x20001260  0x404
          0x20001670  0x100
          0x20001800   0xb4
          0x20001900   0xbc
          0x20001a00   0xd0
          0x20001c18   0x74

Copy/packbits (__iar_packbits_init3)
    1 source range, total size 0x5d (80% of destination):
          0x0000e963   0x5d
    1 destination range, total size 0x74:
          0x1ffffec0   0x74

Copy/packbits (__iar_packbits_init3)
    1 source range, total size 0x2b (13% of destination):
          0x0000e938   0x2b
    1 destination range, total size 0x148:
          0x20001ad0  0x148



*******************************************************************************
*** MODULE SUMMARY
***

    Module                  ro code  ro data  rw data  ro code  rw data
                                                        (abs)    (abs)
    ------                  -------  -------  -------  -------  -------
G:\OM402O\MPSD\MPSD\project\EV306\Debug\Obj: [1]
    DS18B20.o                   380
    LIS2DH12.o                  356                14
    MT_KL17_I2C.o               788
    MyAPP.o                     348
    MyApp_INT.o                 120
    MyApp_LWS.o                 628       39      304
    MyBoard.o                   268
    MyGlobal.o                                     97
    MyParse.o                   164
    MyTask.o                    236
    SHT20.o                     492
    lis2dh12_reg.o              392
    mymain.o                                               120
    -------------------------------------------------------------------
    Total:                    4 172       39      415      120

command line: [2]
    -------------------------------------------------------------------
    Total:

MPSD_LWS402lite.a: [3]
    Baord.o                     656
    Global.o                                                      1 316
    Global_Driver.o                                                 140
    Global_Radio.o               28       93      118               120
    Global_System.o              92                 4             2 668
    Global_app.o                                    2             2 324
    IWdg.o                       88
    InterFace.o               3 412
    KL17_it.o                 1 404
    LWS_IT.o                    508
    LoRaChanConfig.o          3 492       56
    LoRaCrypto.o                568
    LoRaMidware.o             1 664
    LowPower.o                  220
    MP_FUOTA.o                2 192                 4             1 636
    MT_KL17_ADC.o               476
    MT_KL17_Flash.o             152
    MT_KL17_GPIO.o              276
    MT_KL17_RTC.o               620
    MT_KL17_SPI.o               200
    MT_KL17_Timer.o             388
    MT_KL17_UART.o              452
    MT_KL17_UART2.o             396
    ModeBus.o                 2 276
    MyFlash.o                 1 624
    MyInline.o                   84
    ParaInitial.o             1 052
    Task.o                    2 840
    TickS.o                     708
    aes.o                     2 928    3 072
    flash_kinetisRamFunc.o       68
    lorabase.o                  156
    lws.o                    12 096
    main.o                       68
    mpos_ramfun.o               668
    smc.o                        84
    startup_MKL17Z644.o         338
    sx1276-board.o              556
    sx1276.o                  4 640        4       24
    system_MKL17Z644.o          252
    systermProtect.o            628
    timer.o                     900
    utilities.o                 372
    -------------------------------------------------------------------
    Total:                   49 622    3 225      152             8 204

dl6M_tln.a: [4]
    abort.o                      10
    exit.o                        8
    low_level_init.o              4
    -------------------------------------------------------------------
    Total:                       22

m6M_tl.a: [5]
    DblAddSub.o                 424
    DblCmpGe.o                   50
    DblDiv.o                    194
    DblMul.o                    388
    DblToFlt.o                   98
    DblToI32.o                   82
    FltDiv.o                    170
    FltMul.o                    176
    FltToDbl.o                   50
    FltToS32.o                   58
    FltToU32.o                   38
    IxxToDbl.o                   52
    IxxToFlt.o                   54
    ceil.o                       88
    floor.o                      88
    -------------------------------------------------------------------
    Total:                    2 010

rt6M_tl.a: [6]
    ABImemcpy.o                  92
    ABImemset.o                  88
    I32DivModFast.o             224
    I64DivMod.o                 168
    I64DivZer.o                   2
    I64Mul.o                     50
    I64Shl.o                     34
    IntDivZer.o                   2
    U64Shr.o                     30
    cexit.o                      10
    cmain.o                      30
    cstartup_M.o                 12
    data_init.o                  40
    packbits_init.o             194
    uread4.o                     22
    uread8.o                     42
    uwrite4.o                    20
    uwrite8.o                    30
    zero_init3.o                 60
    -------------------------------------------------------------------
    Total:                    1 150

shb_l.a: [7]
    exit.o                       20
    -------------------------------------------------------------------
    Total:                       20

    Gaps                         34                 1
    Linker created                       400    2 304
-----------------------------------------------------------------------
    Grand Total:             57 030    3 664    2 872      120    8 204


*******************************************************************************
*** ENTRY LIST
***

Entry                      Address   Size  Type      Object
-----                      -------   ----  ----      ------
.iar.init_table$$Base   0x0000e710          --   Gb  - Linker created -
.iar.init_table$$Limit  0x0000e8a0          --   Gb  - Linker created -
?main                   0x0000e8a1         Code  Gb  cmain.o [6]
ADC_GetTempValue        0x0000868f   0x58  Code  Gb  MT_KL17_ADC.o [3]
ADC_GetVoltageValue     0x00008619   0x44  Code  Gb  MT_KL17_ADC.o [3]
ADC_Init                0x00008555   0x92  Code  Gb  MT_KL17_ADC.o [3]
AESAUX                  0x1ffffa60   0x10  Data  Gb  Global_System.o [3]
AESKEY                  0x1ffffa70   0xb0  Data  Gb  Global_System.o [3]
AES_E1                  0x0000a224  0x400  Data  Lc  aes.o [3]
AES_E2                  0x0000c378  0x400  Data  Lc  aes.o [3]
AES_E3                  0x0000c778  0x400  Data  Lc  aes.o [3]
AES_E4                  0x0000cb78  0x400  Data  Lc  aes.o [3]
AES_RCON                0x00009b44   0x28  Data  Lc  aes.o [3]
AES_S                   0x0000a124  0x100  Data  Lc  aes.o [3]
ALI_ScanJoinMap         0x0000677b   0x54  Code  Gb  LoRaChanConfig.o [3]
ALI_checkCycles         0x000067cf   0x32  Code  Gb  LoRaChanConfig.o [3]
AppEui                  0x20001be0    0x8  Data  Lc  MyApp_LWS.o [1]
AppKey                  0x20001bf0   0x10  Data  Lc  MyApp_LWS.o [1]
BuildFrame              0x000080d1  0x1a6  Code  Gb  ModeBus.o [3]
CFReg                   0x1ffff480   0x54  Data  Gb  Global.o [3]
CSTACK$$Base            0x20001c90          --   Gb  - Linker created -
CSTACK$$Limit           0x20002590          --   Gb  - Linker created -
CUSUM_CRC               0x00004aa9   0x1a  Code  Gb  utilities.o [3]
CheckStack              0x0000775b   0x78  Code  Gb  systermProtect.o [3]
CheckTaskTime           0x000077d3   0x6c  Code  Gb  systermProtect.o [3]
Clock_Init              0x0000ae5f   0x20  Code  Gb  Baord.o [3]
CommandObj              0x1ffffe90    0xc  Data  Gb  Global_Driver.o [3]
DR2HSYM_osticks_eu868   0x00006b70   0x40  Data  Gb  LoRaChanConfig.o [3]
DRADJUST                0x1ffffb20    0x8  Data  Gb  Global_System.o [3]
DS18B20_Iint            0x0000dfbd   0x52  Code  Gb  DS18B20.o [1]
DS18B20_ReadTemp        0x0000e0af   0x66  Code  Gb  DS18B20.o [1]
DS_ReadByte             0x0000e065   0x4a  Code  Gb  DS18B20.o [1]
DS_WriteByte            0x0000e011   0x52  Code  Gb  DS18B20.o [1]
Database_Read           0x00007009   0x48  Code  Gb  MyFlash.o [3]
Database_USR_Read       0x000070b9   0x1a  Code  Gb  MyFlash.o [3]
Database_USR_Write      0x000070d3   0x1a  Code  Gb  MyFlash.o [3]
Database_Write          0x00007059   0x48  Code  Gb  MyFlash.o [3]
DebugDealData           0x00007a15  0x688  Code  Gb  ModeBus.o [3]
DelayUs                 0x0000ec55   0x54  Code  Gb  MyInline.o [3]
DioIrq                  0x20001c00   0x18  Data  Gb  sx1276.o [3]
Dn2Freq                 0x20001bec    0x4  Data  Lc  MyApp_LWS.o [1]
EXTIPORTBCDE_GNIRQHandler
                        0x0000c191   0x14  Code  Gb  LWS_IT.o [3]
EXTIPORTBCDE_WKIRQHandler
                        0x0000c17d   0x14  Code  Gb  LWS_IT.o [3]
EnterWFI                0x0000b9a7   0x4e  Code  Gb  LowPower.o [3]
ExistOnceEvent          0x00008f29   0x4e  Code  Gb  Task.o [3]
ExitWFI                 0x0000b9f5   0x30  Code  Gb  LowPower.o [3]
FDDStatus               0x20001bdc    0x1  Data  Lc  MyApp_LWS.o [1]
FLASH_EraseSector       0x00009a53   0x12  Code  Gb  MT_KL17_Flash.o [3]
FLASH_FlashCommandSequenceStart
                        0x0000e609   0x44  Code  Gb  flash_kinetisRamFunc.o [3]
FLASH_Initialization    0x00009a1d   0x16  Code  Gb  MT_KL17_Flash.o [3]
FLASH_ProgramLongWord   0x00009a33   0x20  Code  Gb  MT_KL17_Flash.o [3]
FLASH_ProgramOnce       0x00009a65   0x1c  Code  Gb  MT_KL17_Flash.o [3]
FLASH_ReadOnce          0x00009a81   0x20  Code  Gb  MT_KL17_Flash.o [3]
FirstFlashSuccess       0x20001050    0x8  Data  Gb  Global_app.o [3]
Flash_FreeRead          0x0000714d   0x60  Code  Gb  MyFlash.o [3]
Flash_FreeWrite         0x000070ed   0x60  Code  Gb  MyFlash.o [3]
Flash_Read              0x00006e09   0x4a  Code  Gb  MyFlash.o [3]
Flash_Read_Byte         0x00006cf1   0x18  Code  Lc  MyFlash.o [3]
Flash_Read_Check        0x00006d09   0x8c  Code  Lc  MyFlash.o [3]
Flash_SizeSelect        0x00006c3d   0xb4  Code  Gb  MyFlash.o [3]
Flash_Write             0x00006fad   0x4a  Code  Gb  MyFlash.o [3]
Flash_Write_Sector      0x00006e53   0x8e  Code  Lc  MyFlash.o [3]
FwReg                   0x1ffff280   0x5c  Data  Gb  Global.o [3]
GPIOInit                0x0000ad79   0xd6  Code  Gb  Baord.o [3]
GPIO_Config             0x0000a651   0x94  Code  Gb  MT_KL17_GPIO.o [3]
GPIO_IT_Config          0x0000a713   0x18  Code  Gb  MT_KL17_GPIO.o [3]
GPIO_IT_Diable          0x0000a72b    0xe  Code  Gb  MT_KL17_GPIO.o [3]
GPIO_PinGet             0x0000a705    0xe  Code  Gb  MT_KL17_GPIO.o [3]
GPIO_PinSet             0x0000a6e5   0x20  Code  Gb  MT_KL17_GPIO.o [3]
HOOK_EXTI0_IRQHandler   0x1ffff9f4    0x4  Data  Gb  Global_System.o [3]
HOOK_EXTI1_IRQHandler   0x1ffff9f8    0x4  Data  Gb  Global_System.o [3]
HOOK_EXTI3_IRQHandler   0x1ffff9fc    0x4  Data  Gb  Global_System.o [3]
HOOK_EXTIPORTBCDE_GNIRQHandler
                        0x1ffffa08    0x4  Data  Gb  Global_System.o [3]
HOOK_EXTIPORTBCDE_WKIRQHandler
                        0x1ffffa04    0x4  Data  Gb  Global_System.o [3]
HOOK_EXTIWK_IRQHandler  0x1ffffa00    0x4  Data  Gb  Global_System.o [3]
HOOK_LPTIM_IRQHandler   0x1ffffa18    0x4  Data  Gb  Global_System.o [3]
HOOK_RTC_IRQHandler     0x1ffffa14    0x4  Data  Gb  Global_System.o [3]
HOOK_USART1_IRQHandler  0x1ffffa0c    0x4  Data  Gb  Global_System.o [3]
HOOK_USART2_IRQHandler  0x1ffffa10    0x4  Data  Gb  Global_System.o [3]
Hal_Init                0x0000aeb9   0x38  Code  Gb  Baord.o [3]
HardFault_Handler       0x0000bc03    0xc  Code  Gb  KL17_it.o [3]
HookAPPParaChanged      0x1ffff768    0x4  Data  Gb  Global.o [3]
HookExcuteOnce          0x1ffff8b4    0x4  Data  Gb  Global_System.o [3]
HookExcuteOnce1         0x1ffff8b8    0x4  Data  Gb  Global_System.o [3]
HookExcuteOnce2         0x1ffff8bc    0x4  Data  Gb  Global_System.o [3]
HookExcuteOnce3         0x1ffff8c0    0x4  Data  Gb  Global_System.o [3]
HookInternalcallback    0x1ffff8c4    0xc  Data  Gb  Global_System.o [3]
HookUARTUserDeal        0x1ffff6dc    0x4  Data  Gb  Global.o [3]
HookUserCheck           0x1ffff8dc    0x4  Data  Gb  Global_System.o [3]
Hook_Event              0x1ffff270   0x10  Data  Gb  Global.o [3]
Hook_EventInternal      0x1ffff260   0x10  Data  Gb  Global.o [3]
Hook_FuotaEvent_Handler
                        0x20001c88    0x4  Data  Gb  MP_FUOTA.o [3]
Hook_UARTReceive        0x1ffff6a4    0x4  Data  Gb  Global.o [3]
Hookcallback            0x1ffff8d0    0xc  Data  Gb  Global_System.o [3]
I2C_Ack                 0x0000d02f   0x1a  Code  Gb  MT_KL17_I2C.o [1]
I2C_GetByte             0x0000d14d   0x6a  Code  Gb  MT_KL17_I2C.o [1]
I2C_Init                0x0000cf87   0x3a  Code  Gb  MT_KL17_I2C.o [1]
I2C_NAck                0x0000d049   0x18  Code  Gb  MT_KL17_I2C.o [1]
I2C_ReadBuffer          0x0000d209   0x74  Code  Gb  MT_KL17_I2C.o [1]
I2C_SendByte            0x0000d0f1   0x5c  Code  Gb  MT_KL17_I2C.o [1]
I2C_Start               0x0000cfc1   0x3e  Code  Gb  MT_KL17_I2C.o [1]
I2C_Stop                0x0000cfff   0x30  Code  Gb  MT_KL17_I2C.o [1]
I2C_WaitAck             0x0000d091   0x60  Code  Gb  MT_KL17_I2C.o [1]
I2C_WriteBuffer         0x0000d1b7   0x4e  Code  Gb  MT_KL17_I2C.o [1]
IRQInit                 0x0000ae85   0x2a  Code  Gb  Baord.o [3]
IWDG_ReloadCounter      0x00006c11   0x20  Code  Gb  IWdg.o [3]
IWdgInit                0x00006be5   0x18  Code  Gb  IWdg.o [3]
IWdgRst                 0x00006bfd   0x14  Code  Gb  IWdg.o [3]
IntertalEventInstall    0x000039bf   0x1a  Code  Gb  InterFace.o [3]
Join                    0x00003895   0x44  Code  Gb  InterFace.o [3]
JoinParaInit            0x00006637   0x72  Code  Gb  LoRaChanConfig.o [3]
JoinReset               0x000038d9   0x18  Code  Gb  InterFace.o [3]
JoinedProcess           0x00004609   0x6e  Code  Gb  LoRaMidware.o [3]
LIS2DH12_Init           0x0000e141   0xb2  Code  Gb  LIS2DH12.o [1]
LIS2DH12_ReadXYZACC     0x0000e1f3   0x7e  Code  Gb  LIS2DH12.o [1]
LLWU_IRQHandler         0x0000beb9  0x218  Code  Gb  KL17_it.o [3]
LORA_RXDONE_FIXUP       0x0000e6a0   0x10  Data  Gb  LoRaChanConfig.o [3]
LPInfo                  0x1ffff6b0   0x18  Data  Gb  Global.o [3]
LPTIM_Config            0x0000b87f   0x62  Code  Gb  MT_KL17_Timer.o [3]
LPTIM_SetWakeUpCounter  0x0000b901   0x1a  Code  Gb  MT_KL17_Timer.o [3]
LPTMR0_IRQHandler       0x0000c0d1   0x14  Code  Gb  KL17_it.o [3]
LPUART1_IRQHandler      0x0000be81   0x18  Code  Gb  KL17_it.o [3]
LWS                     0x20000020  0x3e8  Data  Gb  Global_System.o [3]
LWS_ALI                 0x1ffffb70   0x18  Data  Gb  Global_System.o [3]
LWS_SWTxData            0x00002ec5   0x30  Code  Gb  lws.o [3]
LWS_SetADR              0x000034d3   0x14  Code  Gb  InterFace.o [3]
LWS_SetBusy             0x00000477   0x56  Code  Gb  lws.o [3]
LWS_SetCN470            0x00003481   0x52  Code  Gb  InterFace.o [3]
LWS_SetDR               0x00003477    0xa  Code  Gb  InterFace.o [3]
LWS_SetLinkCheck        0x00003553   0x38  Code  Gb  InterFace.o [3]
LWS_SetServerADR        0x000034e7   0x12  Code  Gb  InterFace.o [3]
LWS_checkClassA         0x00003231   0x92  Code  Gb  lws.o [3]
LWS_checkClassB         0x000032c3    0xa  Code  Gb  lws.o [3]
LWS_checkSW             0x000032d5   0x2a  Code  Gb  lws.o [3]
LWS_coreProcess         0x000029a1  0x2d2  Code  Lc  lws.o [3]
LWS_disableChannel_eu868
                        0x00005fb1   0x22  Code  Gb  LoRaChanConfig.o [3]
LWS_init                0x00002c91   0xa4  Code  Gb  lws.o [3]
LWS_joinReset           0x00002db1   0x46  Code  Gb  lws.o [3]
LWS_reset               0x00002dfd   0x6e  Code  Gb  lws.o [3]
LWS_rollBackToClassA    0x00003171   0x64  Code  Gb  lws.o [3]
LWS_setAdrMode          0x00002e6b   0x22  Code  Gb  lws.o [3]
LWS_setClassA           0x000030df   0x84  Code  Gb  lws.o [3]
LWS_setClassB           0x000030dd    0x2  Code  Gb  lws.o [3]
LWS_setClassC           0x00003049   0x88  Code  Gb  lws.o [3]
LWS_setDrTxpow          0x00002ea5    0xe  Code  Gb  lws.o [3]
LWS_setLinkCheckMode    0x00003029   0x16  Code  Gb  lws.o [3]
LWS_setSW               0x000031dd   0x4c  Code  Gb  lws.o [3]
LWS_setSession          0x00002fd5   0x54  Code  Gb  lws.o [3]
LWS_setTxData           0x00002f15   0xac  Code  Gb  lws.o [3]
LWS_setupBand_eu868     0x00005e59   0x2e  Code  Gb  LoRaChanConfig.o [3]
LWS_setupChannel_all    0x00005f1b   0x96  Code  Gb  LoRaChanConfig.o [3]
LWS_startJoining        0x00002d3d   0x54  Code  Gb  lws.o [3]
LW_TxData               0x000038f1   0x9e  Code  Gb  InterFace.o [3]
ListTaskHead            0x1ffff8b0    0x4  Data  Gb  Global_System.o [3]
LoRaBandWith            0x00005448   0x50  Data  Gb  sx1276.o [3]
LoRaWANInit             0x00004429   0xe0  Code  Gb  LoRaMidware.o [3]
LoRa_WAN_START          0x00007881   0xc2  Code  Gb  systermProtect.o [3]
LowPowerGPIOEnter       0x0000acfb   0x76  Code  Gb  Baord.o [3]
MPOSTimer               0x1ffffa58    0x8  Data  Gb  Global_System.o [3]
MP_EXTI3_IRQHandler     0x0000c1a5    0x2  Code  Gb  LWS_IT.o [3]
MP_EXTIWK_IRQHandler    0x0000c1a7   0x68  Code  Gb  LWS_IT.o [3]
MP_LPTMR0_IRQHandler    0x000083b9   0xde  Code  Gb  TickS.o [3]
MP_RTC_IRQHandler       0x0000c321   0x20  Code  Gb  LWS_IT.o [3]
MP_UART1_SendBuffer     0x0000ee25   0x5e  Code  Gb  MT_KL17_UART.o [3]
MP_USART1_IRQHandler    0x0000c20f  0x110  Code  Gb  LWS_IT.o [3]
MP_USART2_IRQHandler    0x0000c31f    0x2  Code  Gb  LWS_IT.o [3]
MT_DN_Process           0x0000d79d   0x86  Code  Gb  MyParse.o [1]
MT_GetAppPara           0x0000d8e1   0x16  Code  Gb  MyAPP.o [1]
MT_HookUserEvent        0x0000d701   0x50  Code  Gb  MyApp_LWS.o [1]
MT_Join_Net             0x0000e43d   0x2c  Code  Gb  MyTask.o [1]
MT_LoRaWANParaInitial   0x0000d529  0x1d8  Code  Gb  MyApp_LWS.o [1]
MT_MyBoardInit          0x0000e291   0xde  Code  Gb  MyBoard.o [1]
MT_MyHookInit           0x0000d8c1   0x20  Code  Gb  MyAPP.o [1]
MT_MyInit               0x0000ecd1   0x44  Code  Gb  mymain.o [1]
MT_MyParaInit           0x0000d8f7   0x40  Code  Gb  MyAPP.o [1]
MT_SWlenth              0x1ffff89c    0x4  Data  Gb  Global_app.o [3]
MT_Sensor               0x20001c60   0x14  Data  Gb  MyGlobal.o [1]
MT_SensorTx             0x0000e39d   0x84  Code  Gb  MyTask.o [1]
MT_Sensor_AppPara       0x20001c84    0x4  Data  Gb  MyGlobal.o [1]
MT_SetupOnceEventTask   0x0000d87f   0x3a  Code  Gb  MyAPP.o [1]
MT_SetupSensorTxTask    0x0000d841   0x3e  Code  Gb  MyAPP.o [1]
MT_TaskSensorTx         0x20001c18   0x48  Data  Gb  MyGlobal.o [1]
MT_Tx_Data              0x0000e421   0x1c  Code  Gb  MyTask.o [1]
MT_app_GNIRQ            0x0000e5c1    0x2  Code  Gb  MyApp_INT.o [1]
MT_app_HookAPPParaChanged
                        0x0000d8b9    0x8  Code  Gb  MyAPP.o [1]
MT_app_USART2_IRQHandler
                        0x0000e5c3    0x2  Code  Gb  MyApp_INT.o [1]
MT_app_WKIRQ            0x0000e54d   0x58  Code  Gb  MyApp_INT.o [1]
MaxTimeWithNoConf       0x1ffff764    0x4  Data  Gb  Global.o [3]
ModBusCRC               0x000079ad    0xa  Code  Gb  ModeBus.o [3]
ModeBusTimer            0x1ffff250   0x10  Data  Gb  Global.o [3]
NMI_Handler             0x0000bc01    0x2  Code  Gb  KL17_it.o [3]
NVIC_SetPriority        0x0000acbd   0x3a  Code  Lc  Baord.o [3]
NVIC_SetPriority        0x0000b7dd   0x3a  Code  Lc  MT_KL17_Timer.o [3]
OTP_Read                0x0000720d   0x88  Code  Gb  MyFlash.o [3]
OTP_Write               0x000071ad   0x60  Code  Gb  MyFlash.o [3]
OcpStatus               0x1ffffeb0    0x1  Data  Gb  Global_Radio.o [3]
OnBcnRx                 0x000011ad    0x2  Code  Lc  lws.o [3]
OnBusyProtecotorEvent   0x000004cd   0x20  Code  Gb  lws.o [3]
OnClassBProtectorEvent  0x0000041d   0x5a  Code  Gb  lws.o [3]
OnRadioCadDone          0x00000879   0x8c  Code  Lc  lws.o [3]
OnRadioRxDone           0x00000db5  0x228  Code  Lc  lws.o [3]
OnRadioRxError          0x000011a5    0x8  Code  Lc  lws.o [3]
OnRadioRxTimeout        0x00001001  0x19c  Code  Lc  lws.o [3]
OnRadioTxDone           0x00000751   0xa6  Code  Lc  lws.o [3]
OnRadioTxTimeout        0x00000805   0x70  Code  Lc  lws.o [3]
OnRxWindow1TimerEvent   0x00000ab5   0xa6  Code  Lc  lws.o [3]
OnRxWindow2TimerEvent   0x00000b75   0x9a  Code  Lc  lws.o [3]
OnSWTimerEvent          0x00000aad    0x8  Code  Lc  lws.o [3]
PIT_Cmd                 0x0000b8e1    0xa  Code  Gb  MT_KL17_Timer.o [3]
PIT_Config              0x0000b817   0x68  Code  Gb  MT_KL17_Timer.o [3]
PIT_IRQHandler          0x00008291  0x128  Code  Gb  TickS.o [3]
PORTA_IRQHandler        0x0000bc13   0x40  Code  Gb  KL17_it.o [3]
PORTB_PORTC_PORTD_PORTE_IRQHandler
                        0x0000bc53  0x216  Code  Gb  KL17_it.o [3]
PTask                   0x1ffff8e0   0x60  Data  Gb  Global_System.o [3]
PTaskCallback0          0x00008c85   0x2c  Code  Gb  Task.o [3]
PTaskCallback1          0x00008cb1   0x32  Code  Gb  Task.o [3]
PTaskInit               0x00008ce3   0x24  Code  Gb  Task.o [3]
PTaskInternal           0x1ffff960   0x60  Data  Gb  Global_System.o [3]
PTaskInternalSetCallBack
                        0x00008c2b   0x1a  Code  Gb  Task.o [3]
PTaskInternalSetTimeout
                        0x00008c45   0x18  Code  Gb  Task.o [3]
PTaskInternalStart      0x00008c5d   0x14  Code  Gb  Task.o [3]
PTaskInternalStop       0x00008c71   0x14  Code  Gb  Task.o [3]
PTaskIsRuning           0x00008d41    0xe  Code  Gb  Task.o [3]
PTaskStart              0x00008d07   0x18  Code  Gb  Task.o [3]
PTaskStop               0x00008d1f   0x22  Code  Gb  Task.o [3]
PTaskTime               0x1ffff9e0    0xc  Data  Gb  Global_System.o [3]
PTimerStop              0x00004c21   0x16  Code  Gb  sx1276.o [3]
PacketData              0x000079b7   0x3c  Code  Gb  ModeBus.o [3]
ParaInitial             0x0000a8a1  0x41c  Code  Gb  ParaInitial.o [3]
Para_Mod                0x1ffff010  0x240  Data  Gb  Global.o [3]
PendSV_Handler          0x0000bc11    0x2  Code  Gb  KL17_it.o [3]
RTC_ConvertDatetimeToSeconds
                        0x0000761d   0x74  Code  Gb  MT_KL17_RTC.o [3]
RTC_ConvertSecondsToDatetime
                        0x00007541   0xdc  Code  Gb  MT_KL17_RTC.o [3]
RTC_GetDatetime         0x000076ad    0xe  Code  Gb  MT_KL17_RTC.o [3]
RTC_GetSencond          0x000076bb    0x6  Code  Gb  MT_KL17_RTC.o [3]
RTC_IRQHandler          0x0000c0e9   0x18  Code  Gb  KL17_it.o [3]
RTC_Init                0x000074cd   0x72  Code  Gb  MT_KL17_RTC.o [3]
RTC_SetDatetime         0x00007691   0x1c  Code  Gb  MT_KL17_RTC.o [3]
RTC_SetSencond          0x000076c1   0x10  Code  Gb  MT_KL17_RTC.o [3]
R_DS_IN                 0x0000dfb1    0xc  Code  Gb  DS18B20.o [1]
Radio                   0x1ffffec0   0x74  Data  Gb  Global_Radio.o [3]
RadioGetStatus          0x00004c67    0x6  Code  Gb  sx1276.o [3]
RadioPhy                0x1ffffff0    0x4  Data  Gb  Global_Radio.o [3]
RadioRegsInit           0x00004d24   0x30  Data  Gb  sx1276.o [3]
RadioRxConfig           0x000033a9   0x5c  Code  Gb  InterFace.o [3]
RadioSetpublicNetwork   0x00004c4d   0x1a  Code  Gb  sx1276.o [3]
RadioTxConfig           0x00003351   0x58  Code  Gb  InterFace.o [3]
Radio_sysInit           0x0000ecb1   0x1c  Code  Gb  Global_Radio.o [3]
Radiosymboltime         0x0000507b   0x22  Code  Gb  sx1276.o [3]
RamFunInit              0x0000d28d  0x29c  Code  Gb  mpos_ramfun.o [3]
RdReg                   0x1ffff380   0x5c  Data  Gb  Global.o [3]
Region$$Table$$Base     0x0000e710          --   Gb  - Linker created -
Region$$Table$$Limit    0x0000e8a0          --   Gb  - Linker created -
RunStatus               0x1ffff680   0x14  Data  Gb  Global.o [3]
RxGNEvent               0x00000c21  0x160  Code  Lc  lws.o [3]
SDA_IN                  0x0000cf79    0x6  Code  Gb  MT_KL17_I2C.o [1]
SENSITIVITY             0x0000e688   0x18  Data  Gb  LoRaChanConfig.o [3]
SHT2x_CheckCrc          0x0000d99d   0x3a  Code  Gb  SHT20.o [1]
SHT2x_MeasurePoll       0x0000d9d7   0x8a  Code  Gb  SHT20.o [1]
SHT2x_MeasureTH         0x0000da9d   0xbe  Code  Gb  SHT20.o [1]
SHT2x_SoftReset         0x0000da61   0x36  Code  Gb  SHT20.o [1]
SPI_Cmd                 0x0000baf1   0x14  Code  Gb  MT_KL17_SPI.o [3]
SPI_writeBuffer         0x00007943   0x38  Code  Gb  systermProtect.o [3]
SVC_Handler             0x0000bc0f    0x2  Code  Gb  KL17_it.o [3]
SWInterFeedBack         0x0000340d   0x6a  Code  Gb  InterFace.o [3]
SX1276AntSwDeInit       0x0000981f   0x12  Code  Gb  sx1276-board.o [3]
SX1276AntSwInit         0x000097f5   0x2a  Code  Gb  sx1276-board.o [3]
SX1276CheckRfFrequency  0x00009839    0x4  Code  Gb  sx1276-board.o [3]
SX1276GetPaSelect       0x000097c7    0x4  Code  Gb  sx1276-board.o [3]
SX1276GetStatus         0x00004da3    0x6  Code  Gb  sx1276.o [3]
SX1276GetTimeOnAir      0x00005345   0xfc  Code  Gb  sx1276.o [3]
SX1276Init              0x00004d55   0x2a  Code  Gb  sx1276.o [3]
SX1276InitIo            0x00009741   0x4e  Code  Gb  sx1276-board.o [3]
SX1276IoIrqInit         0x000097b7    0xe  Code  Gb  sx1276-board.o [3]
SX1276IsChannelFree     0x00004e09   0x62  Code  Gb  sx1276.o [3]
SX1276IsRxRunning       0x00004da9   0x1e  Code  Gb  sx1276.o [3]
SX1276KickRadioDog      0x00004d7f   0x24  Code  Gb  sx1276.o [3]
SX1276LoRaCADDone       0x00005c81   0x46  Code  Gb  sx1276.o [3]
SX1276LoRaRxRunning     0x00005b39   0xd0  Code  Gb  sx1276.o [3]
SX1276LoRaRxTimeOut     0x00005c55   0x28  Code  Gb  sx1276.o [3]
SX1276OnDio0Irq         0x00005cd5   0xb6  Code  Gb  sx1276.o [3]
SX1276OnDio1Irq         0x00005d91   0x50  Code  Gb  sx1276.o [3]
SX1276OnDio2Irq         0x00005de1   0x44  Code  Gb  sx1276.o [3]
SX1276OnDio3Irq         0x00005e3d    0x2  Code  Gb  sx1276.o [3]
SX1276OnDio4Irq         0x00005e3f    0x2  Code  Gb  sx1276.o [3]
SX1276OnTimeoutIrq      0x00005a79   0xbc  Code  Gb  sx1276.o [3]
SX1276ParaInit          0x00004c6d   0xb8  Code  Gb  sx1276.o [3]
SX1276Random            0x00004e6b   0x22  Code  Gb  sx1276.o [3]
SX1276Read              0x00009941   0x10  Code  Gb  sx1276-board.o [3]
SX1276ReadBuffer        0x000098ad   0x40  Code  Gb  sx1276-board.o [3]
SX1276ReadFifo          0x0000995f    0xe  Code  Gb  sx1276-board.o [3]
SX1276ReadRssi          0x00005919   0x2c  Code  Gb  sx1276.o [3]
SX1276Reset             0x0000983d   0x32  Code  Gb  sx1276-board.o [3]
SX1276Send              0x00005499   0x82  Code  Gb  sx1276.o [3]
SX1276SetAntSw          0x0000978f   0x28  Code  Gb  sx1276-board.o [3]
SX1276SetAntSwLowPower  0x000097cb   0x2a  Code  Gb  sx1276-board.o [3]
SX1276SetChannel        0x00004dc7   0x42  Code  Gb  sx1276.o [3]
SX1276SetDIO_INT        0x000097c5    0x2  Code  Gb  sx1276-board.o [3]
SX1276SetIDLE           0x00004c37   0x16  Code  Gb  sx1276.o [3]
SX1276SetModem          0x00005a15   0x5c  Code  Gb  sx1276.o [3]
SX1276SetOpMode         0x00005951   0xc0  Code  Gb  sx1276.o [3]
SX1276SetRx             0x00005555  0x1d4  Code  Gb  sx1276.o [3]
SX1276SetRxConfig       0x00004e99  0x1e2  Code  Gb  sx1276.o [3]
SX1276SetSleep          0x0000553d    0xe  Code  Gb  sx1276.o [3]
SX1276SetStby           0x0000554b    0xa  Code  Gb  sx1276.o [3]
SX1276SetTx             0x00005735   0x84  Code  Gb  sx1276.o [3]
SX1276SetTxConfig       0x000050c1  0x1dc  Code  Gb  sx1276.o [3]
SX1276SetTxContinues    0x0000529d   0xa2  Code  Gb  sx1276.o [3]
SX1276StartCad          0x000057bd  0x142  Code  Gb  sx1276.o [3]
SX1276TxRunning         0x00005c15   0x3a  Code  Gb  sx1276.o [3]
SX1276Write             0x00009935    0xc  Code  Gb  sx1276-board.o [3]
SX1276WriteBuffer       0x0000986f   0x3e  Code  Gb  sx1276-board.o [3]
SX1276WriteFifo         0x00009951    0x2  Code  Gb  sx1276-board.o [3]
SaveKeyJoined           0x00004509  0x100  Code  Gb  LoRaMidware.o [3]
SecondCounter           0x1ffffa28    0x8  Data  Gb  Global_System.o [3]
SecondStopValue         0x1ffffa30    0x8  Data  Gb  Global_System.o [3]
SetAUX                  0x0000acf7    0x4  Code  Gb  Baord.o [3]
SetClassMode            0x000037bd   0xc8  Code  Gb  InterFace.o [3]
SpiInOut                0x0000baad   0x44  Code  Gb  MT_KL17_SPI.o [3]
Spi_Init                0x0000ba3d   0x64  Code  Gb  MT_KL17_SPI.o [3]
StackEventToDo          0x1ffff6d8    0x4  Data  Gb  Global.o [3]
StackFunction           0x1ffff6e0   0x18  Data  Gb  Global.o [3]
StartFreq               0x20001be8    0x4  Data  Lc  MyApp_LWS.o [1]
Sx1276_phy              0x1fffff60   0x74  Data  Gb  Global_Radio.o [3]
SysParaInit             0x000090c9   0xde  Code  Gb  Task.o [3]
SysStatus               0x1ffff6a0    0x4  Data  Gb  Global.o [3]
SysTime                 0x1ffff770   0x14  Data  Gb  Global.o [3]
SystemClock_Config      0x0000ad71    0x8  Code  Gb  Baord.o [3]
SystemCoreClock         0x1ffffa24    0x4  Data  Gb  Global_System.o [3]
SystemCoreClockUpdate   0x0000bb5f   0x6c  Code  Gb  system_MKL17Z644.o [3]
SystemInit              0x0000bb05   0x5a  Code  Gb  system_MKL17Z644.o [3]
SystemStart             0x00009219  0x4e2  Code  Gb  Task.o [3]
TRadioParas             0x1ffff730   0x24  Data  Gb  Global.o [3]
TXPOWLEVELS             0x00006bc4   0x10  Data  Gb  LoRaChanConfig.o [3]
TXPOWLEVELS_ALI         0x00006bd4   0x10  Data  Gb  LoRaChanConfig.o [3]
TaskExcuteNow           0x00008e95    0xa  Code  Gb  Task.o [3]
TaskOnceEvent           0x00008f7d   0xe2  Code  Gb  Task.o [3]
TaskPreSleep            0x00008e69   0x1e  Code  Gb  Task.o [3]
TaskRemove              0x00008da3   0x2e  Code  Gb  Task.o [3]
TaskRestart             0x00008d99    0xa  Code  Gb  Task.o [3]
TaskRun                 0x00008ea5   0x5c  Code  Gb  Task.o [3]
TaskSetPeriod           0x00008d4f   0x28  Code  Gb  Task.o [3]
TaskSetup               0x00008dd1   0x36  Code  Gb  Task.o [3]
TaskSleep               0x00008d77   0x22  Code  Gb  Task.o [3]
TaskStop                0x00008e9f    0x6  Code  Gb  Task.o [3]
TaskWakeUP              0x00008f05   0x1e  Code  Gb  Task.o [3]
Task_expired            0x00008e07   0x5c  Code  Gb  Task.o [3]
Temp_GetConversionValue
                        0x0000865d   0x32  Code  Gb  MT_KL17_ADC.o [3]
TimeWithNoModeConf      0x1ffff760    0x4  Data  Gb  Global.o [3]
TimeoutCntValue         0x1ffffa50    0x8  Data  Gb  Global_System.o [3]
TimerDelayCounter       0x1ffffa48    0x8  Data  Gb  Global_System.o [3]
TimerTickCounter        0x1ffffa38    0x8  Data  Gb  Global_System.o [3]
TimerTickCounterContext
                        0x1ffffa40    0x8  Data  Gb  Global_System.o [3]
UART1_Init              0x0000ed15   0x96  Code  Gb  MT_KL17_UART.o [3]
UART1_SendBuffer        0x0000ee83   0x14  Code  Gb  MT_KL17_UART.o [3]
UART2_FLEXIO_DriverIRQHandler
                        0x0000be69   0x18  Code  Gb  KL17_it.o [3]
UART2_Init              0x0000dd4d    0xc  Code  Gb  MT_KL17_UART2.o [3]
UART2_Init2             0x0000dc9d   0xb0  Code  Gb  MT_KL17_UART2.o [3]
UART2_SendBuffer        0x0000dda1   0x5e  Code  Gb  MT_KL17_UART2.o [3]
USART1_SendByte         0x0000edab   0x7a  Code  Gb  MT_KL17_UART.o [3]
USART2_SendByte         0x0000dd59   0x48  Code  Gb  MT_KL17_UART2.o [3]
Vol_GetConversionValue  0x000085e7   0x32  Code  Gb  MT_KL17_ADC.o [3]
_DR2RPS_CRC_eu868       0x00006bb0    0xc  Data  Gb  LoRaChanConfig.o [3]
_DR2RPS_CRC_kr923       0x00006bbc    0x1  Data  Gb  LoRaChanConfig.o [3]
_M456M                  0x0000783f   0x42  Code  Gb  systermProtect.o [3]
__Vectors               0x00000000          --   Gb  startup_MKL17Z644.o [3]
__Vectors_End           0x000000c0         Data  Gb  startup_MKL17Z644.o [3]
__Vectors_Size {Abs}    0x000000c0          --   Gb  startup_MKL17Z644.o [3]
__aeabi_cdrcmple        0x0000039d         Code  Gb  DblCmpGe.o [5]
__aeabi_d2f             0x0000db89         Code  Gb  DblToFlt.o [5]
__aeabi_d2iz            0x00008b21         Code  Gb  DblToI32.o [5]
__aeabi_d2uiz           0x00008b45         Code  Gb  DblToI32.o [5]
__aeabi_dadd            0x000088b5         Code  Gb  DblAddSub.o [5]
__aeabi_ddiv            0x00008a5d         Code  Gb  DblDiv.o [5]
__aeabi_dmul            0x00008731         Code  Gb  DblMul.o [5]
__aeabi_f2d             0x0000ef89         Code  Gb  FltToDbl.o [5]
__aeabi_f2iz            0x0000a865         Code  Gb  FltToS32.o [5]
__aeabi_f2uiz           0x000003d1         Code  Gb  FltToU32.o [5]
__aeabi_fdiv            0x0000a7bb         Code  Gb  FltDiv.o [5]
__aeabi_fmul            0x0000dbeb         Code  Gb  FltMul.o [5]
__aeabi_i2d             0x00000389         Code  Gb  IxxToDbl.o [5]
__aeabi_i2f             0x0000a7a5         Code  Gb  IxxToFlt.o [5]
__aeabi_idiv            0x000001b5         Code  Gb  I32DivModFast.o [6]
__aeabi_idiv0           0x0000eca9         Code  Gb  IntDivZer.o [6]
__aeabi_idivmod         0x000001b5         Code  Gb  I32DivModFast.o [6]
__aeabi_ldiv0           0x0000ecad         Code  Gb  I64DivZer.o [6]
__aeabi_ldivmod         0x0000028b         Code  Gb  I64DivMod.o [6]
__aeabi_llsl            0x00000269         Code  Gb  I64Shl.o [6]
__aeabi_llsr            0x0000ec35         Code  Gb  U64Shr.o [6]
__aeabi_lmul            0x00000335         Code  Gb  I64Mul.o [6]
__aeabi_memclr          0x00008c21         Code  Gb  ABImemset.o [6]
__aeabi_memclr4         0x00008c25         Code  Gb  ABImemset.o [6]
__aeabi_memclr8         0x00008c25         Code  Gb  ABImemset.o [6]
__aeabi_memcpy          0x00008b75         Code  Gb  ABImemcpy.o [6]
__aeabi_memcpy4         0x00008b9d         Code  Wk  ABImemcpy.o [6]
__aeabi_memset          0x00008bd1         Code  Gb  ABImemset.o [6]
__aeabi_ui2d            0x00000369         Code  Gb  IxxToDbl.o [5]
__aeabi_ui2f            0x0000a785         Code  Gb  IxxToFlt.o [5]
__aeabi_uidiv           0x000001bb         Code  Gb  I32DivModFast.o [6]
__aeabi_uidivmod        0x000001bb         Code  Gb  I32DivModFast.o [6]
__aeabi_uldivmod        0x000002c9         Code  Gb  I64DivMod.o [6]
__aeabi_uread4          0x000000c1         Code  Gb  uread4.o [6]
__aeabi_uread8          0x0000a625         Code  Gb  uread8.o [6]
__aeabi_uwrite4         0x000000d9         Code  Gb  uwrite4.o [6]
__aeabi_uwrite8         0x0000a765         Code  Gb  uwrite8.o [6]
__cmain                 0x0000e8a1         Code  Gb  cmain.o [6]
__exit                  0x0000efc5   0x14  Code  Gb  exit.o [7]
__iar_Memset4_word      0x00008bf1         Code  Gb  ABImemset.o [6]
__iar_Memset_word       0x00008bdd         Code  Gb  ABImemset.o [6]
__iar_ceil64            0x0000996d         Code  Gb  ceil.o [5]
__iar_d2uiz             0x00008b49         Code  Gb  DblToI32.o [5]
__iar_data_init3        0x0000e6e9   0x28  Code  Gb  data_init.o [6]
__iar_floor64           0x000099c5         Code  Gb  floor.o [5]
__iar_packbits_init3    0x0000e489   0xc2  Code  Gb  packbits_init.o [6]
__iar_program_start     0x0000e8d3         Code  Gb  cstartup_M.o [6]
__iar_systems$$module {Abs}
                        0x00000001         Data  Gb  command line/config [2]
__iar_zero_init3        0x0000e64d   0x3c  Code  Gb  zero_init3.o [6]
__low_level_init        0x0000efd9    0x4  Code  Gb  low_level_init.o [4]
__vector_table          0x00000000         Data  Gb  startup_MKL17Z644.o [3]
__vector_table_0x1c     0x0000001c         Data  Gb  startup_MKL17Z644.o [3]
_call_main              0x0000e8ad         Code  Gb  cmain.o [6]
_exit                   0x0000e8c9         Code  Gb  cexit.o [6]
_main                   0x0000e8bb         Code  Gb  cmain.o [6]
abort                   0x0000efbb    0xa  Code  Gb  abort.o [4]
aes_appendMic           0x00007345   0x36  Code  Gb  LoRaCrypto.o [3]
aes_appendMic0          0x0000737b   0x26  Code  Gb  LoRaCrypto.o [3]
aes_cipher              0x000073ef   0x68  Code  Gb  LoRaCrypto.o [3]
aes_encrypt             0x000073d1   0x1e  Code  Gb  LoRaCrypto.o [3]
aes_sessKeys            0x00007457   0x60  Code  Gb  LoRaCrypto.o [3]
aes_verifyMic           0x00007305   0x40  Code  Gb  LoRaCrypto.o [3]
aes_verifyMic0          0x000073a1   0x30  Code  Gb  LoRaCrypto.o [3]
aesroundkeys            0x00009ab5   0x8c  Code  Lc  aes.o [3]
aliFirstFreq            0x00006354   0x40  Data  Gb  LoRaChanConfig.o [3]
aos_post                0x00008c29    0x2  Code  Gb  Task.o [3]
appPara                 0x1ffff580  0x100  Data  Gb  Global.o [3]
basic_Flash_Read        0x00006d95   0x74  Code  Lc  MyFlash.o [3]
basic_Flash_Write       0x00006ef1   0xb6  Code  Gb  MyFlash.o [3]
buffer                  0x1ffffe10   0x80  Data  Gb  Global_Driver.o [3]
buildDataFrame          0x00001e8d  0x3d0  Code  Lc  lws.o [3]
calcAirTime             0x00000533   0xc6  Code  Gb  lws.o [3]
ceil                    0x0000996d         Code  Gb  ceil.o [5]
ceill                   0x0000996d         Code  Gb  ceil.o [5]
convFreq_all            0x00005fd3   0x3c  Code  Gb  LoRaChanConfig.o [3]
crc8_ccit               0x00004bb9   0x34  Code  Gb  utilities.o [3]
data_raw_acceleration   0x20001c78    0x8  Data  Lc  LIS2DH12.o [1]
data_raw_temperature    0x20001c80    0x2  Data  Lc  LIS2DH12.o [1]
decDR                   0x00000145   0x10  Code  Gb  lorabase.o [3]
decodeFrame             0x000012e9  0xb78  Code  Lc  lws.o [3]
deepsleep               0x0000eed9    0xe  Code  Gb  smc.o [3]
defaultCHCNT            0x1ffffea4    0x1  Data  Gb  Global_System.o [3]
disableInterrupts       0x00007739    0xc  Code  Gb  systermProtect.o [3]
dndr2rps                0x00000125    0xe  Code  Gb  lorabase.o [3]
dr2hsym                 0x00005e41    0xc  Code  Gb  LoRaChanConfig.o [3]
enableInterrupts        0x00007745   0x16  Code  Gb  systermProtect.o [3]
enter_lls               0x0000eefd   0x14  Code  Gb  smc.o [3]
enter_vlps              0x0000eee7   0x16  Code  Gb  smc.o [3]
eventBuffer             0x1ffff790  0x100  Data  Gb  Global_app.o [3]
exit                    0x0000e8bf    0x8  Code  Gb  exit.o [4]
flashbuffer             0x20000450  0x400  Data  Gb  Global_app.o [3]
flashcrc                0x1ffff8a0    0x2  Data  Gb  Global_app.o [3]
floor                   0x000099c5         Code  Gb  floor.o [5]
floorl                  0x000099c5         Code  Gb  floor.o [5]
getBw                   0x000000f3    0xa  Code  Gb  lorabase.o [3]
getCr                   0x000000fd    0xa  Code  Gb  lorabase.o [3]
getIh                   0x00000117    0x4  Code  Gb  lorabase.o [3]
getNocrc                0x00000111    0x6  Code  Gb  lorabase.o [3]
getSensitivity          0x00000515   0x1e  Code  Gb  lws.o [3]
getSf                   0x000000ed    0x6  Code  Gb  lorabase.o [3]
getSleepCounts          0x00009065   0x5c  Code  Gb  Task.o [3]
globalRand              0x1ffffeac    0x2  Data  Gb  Global_System.o [3]
incDR                   0x00000133   0x12  Code  Gb  lorabase.o [3]
initDefaultChannels_all
                        0x00005e87   0x94  Code  Gb  LoRaChanConfig.o [3]
initJoinLoop_all        0x000065fd   0x3a  Code  Gb  LoRaChanConfig.o [3]
intInstallStatus        0x1ffffea0    0x4  Data  Gb  Global_System.o [3]
interruptInstall        0x0000c101   0x56  Code  Gb  KL17_it.o [3]
lis2dh12_acceleration_raw_get
                        0x0000df45    0xa  Code  Gb  lis2dh12_reg.o [1]
lis2dh12_data_rate_set  0x0000def1   0x28  Code  Gb  lis2dh12_reg.o [1]
lis2dh12_device_id_get  0x0000df4f    0xa  Code  Gb  lis2dh12_reg.o [1]
lis2dh12_filter_reference_get
                        0x0000df37    0x2  Code  Gb  lis2dh12_reg.o [1]
lis2dh12_full_scale_set
                        0x0000df19   0x1e  Code  Gb  lis2dh12_reg.o [1]
lis2dh12_operating_mode_set
                        0x0000de7f   0x72  Code  Gb  lis2dh12_reg.o [1]
lis2dh12_pin_sdo_sa0_mode_set
                        0x0000df89   0x28  Code  Gb  lis2dh12_reg.o [1]
lis2dh12_read_reg       0x0000de29    0xc  Code  Gb  lis2dh12_reg.o [1]
lis2dh12_status_get     0x0000df6f    0xa  Code  Gb  lis2dh12_reg.o [1]
lis2dh12_temp_data_ready_get
                        0x0000de41    0xc  Code  Gb  lis2dh12_reg.o [1]
lis2dh12_temperature_meas_set
                        0x0000de57   0x28  Code  Gb  lis2dh12_reg.o [1]
lis2dh12_temperature_raw_get
                        0x0000de4d    0xa  Code  Gb  lis2dh12_reg.o [1]
lis2dh12_write_reg      0x0000de35    0xc  Code  Gb  lis2dh12_reg.o [1]
loadEventBuffer         0x0000398f   0x1c  Code  Gb  InterFace.o [3]
loadInternalEventBuffer
                        0x000039ab   0x14  Code  Gb  InterFace.o [3]
lowerDR                 0x00000175   0x14  Code  Gb  lorabase.o [3]
lwsIntPara              0x1ffff6a8    0x8  Data  Gb  Global.o [3]
lwsvar                  0x1ffffba0  0x1b8  Data  Gb  Global_System.o [3]
main                    0x0000e5c5   0x44  Code  Gb  main.o [3]
mapChannels_ali         0x0000606d   0xf0  Code  Gb  LoRaChanConfig.o [3]
mapChannels_cn920       0x0000600f    0x4  Code  Gb  LoRaChanConfig.o [3]
mapChannels_eu868       0x00006013   0x42  Code  Gb  LoRaChanConfig.o [3]
maxEIRP                 0x0000e6b0   0x10  Data  Gb  LoRaChanConfig.o [3]
maxFrameLens            0x00006bc0    0x4  Data  Gb  LoRaChanConfig.o [3]
memcpy1                 0x00004ac3   0x18  Code  Gb  utilities.o [3]
memset1                 0x00004adb   0x12  Code  Gb  utilities.o [3]
micB0                   0x000072b9   0x42  Code  Gb  LoRaCrypto.o [3]
mp_controlbits          0x1ffff6d0    0x4  Data  Gb  Global.o [3]
mp_fota_ANSBuffer       0x20001240   0x18  Data  Gb  MP_FUOTA.o [3]
mp_fotabuffer           0x20001260  0x404  Data  Gb  MP_FUOTA.o [3]
mp_fotalostbit          0x20001670  0x100  Data  Gb  MP_FUOTA.o [3]
mp_fotasessions         0x200011e0   0x60  Data  Gb  MP_FUOTA.o [3]
mp_fuota_checkPacketInt
                        0x0000b339   0xce  Code  Gb  MP_FUOTA.o [3]
mp_fuota_checkTaskInstall
                        0x0000b2f1   0x34  Code  Gb  MP_FUOTA.o [3]
mp_fuota_decodeframe    0x0000b441  0x35c  Code  Gb  MP_FUOTA.o [3]
mp_fuota_init           0x0000b275   0x74  Code  Gb  MP_FUOTA.o [3]
mp_fuota_sessionClear   0x0000af4d   0x4e  Code  Gb  MP_FUOTA.o [3]
mp_fuota_task_packetREQ
                        0x20001190   0x48  Data  Gb  MP_FUOTA.o [3]
mp_fuota_task_para      0x200010ec    0x4  Data  Gb  MP_FUOTA.o [3]
mp_fuota_task_randomtx  0x200010f0   0x48  Data  Gb  MP_FUOTA.o [3]
mp_fuota_task_timeout   0x20001140   0x48  Data  Gb  MP_FUOTA.o [3]
mp_fuota_txtask_Install
                        0x0000af9b   0x74  Code  Gb  MP_FUOTA.o [3]
mp_interrupt_loop       0x1ffff76c    0x4  Data  Gb  Global.o [3]
mp_modeACRC             0x00004bed   0x2c  Code  Gb  utilities.o [3]
mp_nowTask              0x1ffff8ac    0x4  Data  Gb  Global_System.o [3]
mp_os_getTime           0x000040a5    0x8  Code  Gb  timer.o [3]
mp_randomlwtx           0x200010e0    0xc  Data  Gb  MP_FUOTA.o [3]
mp_taskF_randomlwtx     0x0000b219   0x48  Code  Gb  MP_FUOTA.o [3]
mp_task_fuota_packetREQ
                        0x0000b03f  0x1d2  Code  Gb  MP_FUOTA.o [3]
mp_task_fuota_timeout   0x0000b00f   0x30  Code  Gb  MP_FUOTA.o [3]
mp_threadExists         0x00004311   0x18  Code  Gb  timer.o [3]
mp_threadGetValue       0x00004375    0x8  Code  Gb  timer.o [3]
mp_threadHwGetElapsedTime
                        0x000084ff   0x1a  Code  Gb  TickS.o [3]
mp_threadHwGetMinimumTimeout
                        0x00008497    0xc  Code  Gb  TickS.o [3]
mp_threadHwGetTimerValue
                        0x00008521    0x6  Code  Gb  TickS.o [3]
mp_threadHwStart        0x000084a3   0x5c  Code  Gb  TickS.o [3]
mp_threadInit           0x000040c9   0x1c  Code  Gb  timer.o [3]
mp_threadInsertNewHead  0x000041d1   0x2c  Code  Lc  timer.o [3]
mp_threadIrqHandler     0x000041fd   0x72  Code  Gb  timer.o [3]
mp_threadRestart        0x00004357   0x1e  Code  Gb  timer.o [3]
mp_threadSetTimeout     0x0000437d   0x10  Code  Lc  timer.o [3]
mp_threadSetValue       0x0000432d   0x2a  Code  Gb  timer.o [3]
mp_threadStart          0x000040e5   0xec  Code  Gb  timer.o [3]
mp_threadStop           0x0000426f   0xa2  Code  Gb  timer.o [3]
mp_thread_busyProtector
                        0x1ffffb50   0x20  Data  Gb  Global_System.o [3]
mp_ticks2ms             0x000040ad    0x8  Code  Gb  timer.o [3]
mp_ticks2us             0x000040b5    0x4  Code  Gb  timer.o [3]
mp_timer_expired        0x000043c5   0x30  Code  Gb  timer.o [3]
mp_timer_lefttime       0x000043f5   0x12  Code  Gb  timer.o [3]
mp_timer_mannualExpired
                        0x00004407   0x1c  Code  Gb  timer.o [3]
mp_timer_restart        0x000043b3    0x2  Code  Gb  timer.o [3]
mp_timer_set            0x0000438d   0x26  Code  Gb  timer.o [3]
mp_userInit             0x1ffffb90    0x4  Data  Gb  Global_System.o [3]
mpos_InitStart          0x1ffff894    0x4  Data  Gb  Global_app.o [3]
mpos_driver             0x20001800   0xb4  Data  Gb  Global_System.o [3]
mpos_lws                0x20001a00   0xd0  Data  Gb  Global_System.o [3]
mpos_main               0x0000ec01   0x34  Code  Gb  mymain.o [1]
mpos_osfun              0x20001900   0xbc  Data  Gb  Global_System.o [3]
mpos_sysInit            0x0000ef2d   0x5c  Code  Gb  Global_System.o [3]
mt_dtu_resetAfterLWT    0x20001c82    0x1  Data  Gb  MyGlobal.o [1]
nextJoinState_ALI       0x00006841  0x146  Code  Gb  LoRaChanConfig.o [3]
nextJoinState_eu868     0x000066b5   0xc6  Code  Gb  LoRaChanConfig.o [3]
nextTx_eu868            0x00006395  0x1da  Code  Gb  LoRaChanConfig.o [3]
notifyAPP               0x000079f3   0x12  Code  Gb  ModeBus.o [3]
onEvent                 0x00003a31  0x628  Code  Gb  InterFace.o [3]
opModePrev              0x1ffffeb4    0x1  Data  Gb  Global_Radio.o [3]
os_aes                  0x00009b6d  0x5a4  Code  Gb  aes.o [3]
os_getArtEui            0x00007295    0xc  Code  Gb  LoRaCrypto.o [3]
os_getDevEui            0x000072a1    0xc  Code  Gb  LoRaCrypto.o [3]
os_getDevKey            0x000072ad    0xc  Code  Gb  LoRaCrypto.o [3]
os_radio                0x000046cd  0x39c  Code  Gb  LoRaMidware.o [3]
os_rlsbf2               0x00004aed    0xa  Code  Gb  utilities.o [3]
os_rlsbf4               0x00004af7   0x16  Code  Gb  utilities.o [3]
os_rlsbf8               0x00004b0d   0x32  Code  Gb  utilities.o [3]
os_rmsbf4               0x00004b3f   0x16  Code  Gb  utilities.o [3]
os_sleep                0x1ffff890    0x4  Data  Gb  Global_app.o [3]
os_wlsbf2               0x00004b55    0x8  Code  Gb  utilities.o [3]
os_wlsbf3               0x00004b5d    0xc  Code  Gb  utilities.o [3]
os_wlsbf4               0x00004b69   0x10  Code  Gb  utilities.o [3]
os_wlsbf8               0x00004b79   0x24  Code  Gb  utilities.o [3]
os_wmsbf3               0x00004b9d    0xc  Code  Gb  utilities.o [3]
os_wmsbf4               0x00004ba9   0x10  Code  Gb  utilities.o [3]
paraAPPGet              0x000035db    0xc  Code  Gb  InterFace.o [3]
paraAPPSave             0x000035f1   0x46  Code  Gb  InterFace.o [3]
paraCFGet               0x000035cf    0xc  Code  Gb  InterFace.o [3]
paraCFReg               0x20001b2c   0x54  Data  Lc  MyApp_LWS.o [1]
paraCFSave              0x000036d5   0x70  Code  Gb  InterFace.o [3]
paraCFmodify            0x0000374d   0x68  Code  Gb  InterFace.o [3]
paraFWGet               0x000035b7    0xc  Code  Gb  InterFace.o [3]
paraFWSave              0x00003649   0x42  Code  Gb  InterFace.o [3]
paraFWSetAPPEUI         0x0000358b    0x8  Code  Gb  InterFace.o [3]
paraFWSetDevKey         0x000035ad    0xa  Code  Gb  InterFace.o [3]
paraFwReg               0x20001ad0   0x5c  Data  Lc  MyApp_LWS.o [1]
paraRDGet               0x000035c3    0xc  Code  Gb  InterFace.o [3]
paraRDSave              0x00003691   0x40  Code  Gb  InterFace.o [3]
paraRDSetChannelMap     0x000035a5    0x8  Code  Gb  InterFace.o [3]
paraRDSetFreq           0x00003593   0x12  Code  Gb  InterFace.o [3]
paraRdReg               0x20001b80   0x5c  Data  Lc  MyApp_LWS.o [1]
platform_read           0x0000e137    0xa  Code  Gb  LIS2DH12.o [1]
platform_write          0x0000e12d    0xa  Code  Gb  LIS2DH12.o [1]
pow2dBm                 0x00005e4d    0xc  Code  Gb  LoRaChanConfig.o [3]
processDnData           0x00002651  0x260  Code  Lc  lws.o [3]
processJoinAccept       0x00002271  0x378  Code  Lc  lws.o [3]
radioSleepForConfig     0x00004677    0xa  Code  Gb  LoRaMidware.o [3]
radio_rand1             0x000004ed   0x28  Code  Gb  lws.o [3]
regionPara              0x1ffffb28   0x20  Data  Gb  Global_System.o [3]
reportEvent             0x00000411    0xc  Code  Lc  lws.o [3]
rndDelay                0x000005f9   0x40  Code  Gb  lws.o [3]
runReset                0x000006b1   0x12  Code  Lc  lws.o [3]
scanCycles              0x1ffffea8    0x1  Data  Gb  Global_System.o [3]
setBcnRxParams_all      0x00006585    0x2  Code  Gb  LoRaChanConfig.o [3]
setCr                   0x00000107    0xa  Code  Gb  lorabase.o [3]
setDrJoin               0x00000671    0x6  Code  Gb  lws.o [3]
setDrTxpow              0x00000677   0x22  Code  Lc  lws.o [3]
setRx1Params_all        0x00006587   0x72  Code  Gb  LoRaChanConfig.o [3]
standardInit            0x000069a5  0x156  Code  Gb  LoRaChanConfig.o [3]
startJoining            0x000028b1    0xa  Code  Lc  lws.o [3]
startRxClassC           0x000028bb   0x64  Code  Lc  lws.o [3]
startRxPing             0x0000292d    0x2  Code  Lc  lws.o [3]
startRxSW               0x00000939  0x168  Code  Gb  lws.o [3]
stateJustJoined         0x000011af  0x106  Code  Lc  lws.o [3]
txDelay                 0x00000639   0x38  Code  Lc  lws.o [3]
txDone                  0x000006c3   0x70  Code  Lc  lws.o [3]
updatTxPara             0x0000292f   0x42  Code  Lc  lws.o [3]
updateTx_ALI            0x0000620d  0x126  Code  Gb  LoRaChanConfig.o [3]
updateTx_eu868          0x0000616d   0x8e  Code  Gb  LoRaChanConfig.o [3]
updr2rps                0x0000011b    0xa  Code  Gb  lorabase.o [3]
validDR                 0x00000155   0x14  Code  Gb  lorabase.o [3]
virtualEnterWFI         0x0000b961   0x46  Code  Gb  LowPower.o [3]
whoamI                  0x20001c74    0x1  Data  Lc  LIS2DH12.o [1]
xbuffer                 0x20000850  0x400  Data  Gb  Global_app.o [3]


[1] = G:\OM402O\MPSD\MPSD\project\EV306\Debug\Obj
[2] = command line
[3] = MPSD_LWS402lite.a
[4] = dl6M_tln.a
[5] = m6M_tl.a
[6] = rt6M_tl.a
[7] = shb_l.a

  57 030 bytes of readonly  code memory (+ 120   absolute)
   3 664 bytes of readonly  data memory
   2 872 bytes of readwrite data memory (+ 8 204 absolute)

Errors: none
Warnings: none
